[DEBUG LAB4]: 	INT	int
[DEBUG LAB4]: 	ID	a
[DEBUG LAB4]: 	SEMICOLON	;
[DEBUG LAB4]: 	INT	int
[DEBUG LAB4]: 	ID	main
[DEBUG LAB4]: 	LPAREN	(
[DEBUG LAB4]: 	RPAREN	)
[DEBUG LAB4]: 	LBRACE	{
[DEBUG LAB4]: 	INT	int
[DEBUG LAB4]: 	ID	a
[DEBUG LAB4]: 	SEMICOLON	;
[DEBUG LAB4]: 	ID	a
[DEBUG LAB4]: 	ASSIGN	=
[DEBUG LAB4]: 	DECIMIAL	1
[DEBUG LAB4]: 	ADD	+
[DEBUG LAB4]: 	DECIMIAL	2
[DEBUG LAB4]: 	SEMICOLON	;
[DEBUG LAB4]: 	IF	if
[DEBUG LAB4]: 	LPAREN	(
[DEBUG LAB4]: 	ID	a
[DEBUG LAB4]: 	LESS	<
[DEBUG LAB4]: 	DECIMIAL	5
[DEBUG LAB4]: 	RPAREN	)
[DEBUG LAB4]: 	RETURN	return
[DEBUG LAB4]: 	DECIMIAL	1
[DEBUG LAB4]: 	SEMICOLON	;
[DEBUG LAB4]: 	RETURN	return
[DEBUG LAB4]: 	DECIMIAL	0
[DEBUG LAB4]: 	SEMICOLON	;
[DEBUG LAB4]: 	RBRACE	}
